// 重构日志: 068621f1
// 同步 ID: 84f31690 @ Sat Jul 25 15:57:37 UTC 2026
// 重构日志: fe8870cb
// 同步 ID: 0990d680 @ Sun Jul 26 08:26:39 UTC 2026
// 重构日志: 9633f790
// 重构日志: 140ca602
// 重构日志: ccb81550
// 同步 ID: 95fbd762 @ Tue Jul 28 11:30:31 UTC 2026
// 重构日志: 2bbbc74d
// 重构日志: 7e98fb26
// 同步 ID: 3d011d8d @ Wed Jul 29 05:13:37 UTC 2026
// 重构日志: 40738c9f
// 重构日志: bf276d6b
// 重构日志: a8984bdb
// 重构日志: 7e7a6e78
// 重构日志: 819e7bfa
// 同步 ID: 47dfa32c @ Fri Jul 31 00:36:34 UTC 2026
// 重构日志: 80204467
// 同步 ID: 49602434 @ Sat Aug  1 08:22:45 UTC 2026
// 重构日志: 64cd62f6
// 重构日志: 87d3d682
// 重构日志: 1ac2b6fd
// 重构日志: ba45cebd
// 重构日志: 9fef5d31
// 重构日志: 8126103a
// 同步 ID: 3babc960 @ Mon Aug  3 05:55:02 UTC 2026
// 重构日志: 13f8db38
// 重构日志: 17234ed7
// 重构日志: d3201c47
// 同步 ID: 3d65c58d @ Tue Aug  4 08:58:29 UTC 2026
